--------------------------------------------------------------------------------
      name:  <unnamed>
       log:  F:\OneDrive - southalabama.edu\covid_religion\results/table1.log
  log type:  text
 opened on:  19 Aug 2025, 14:34:18

. 
. *==========================================================
. * descriptive statistics
. *==========================================================
. ** religious population
. use "$data/resdata_all_religions.dta", clear

. tab cate, mi

                  cate |      Freq.     Percent        Cum.
-----------------------+-----------------------------------
      Black Protestant |     38,598       12.98       12.98
              Catholic |     63,818       21.47       34.45
Evangelical Protestant |     65,120       21.91       56.36
                 Islam |     15,162        5.10       61.46
   Mainline Protestant |     64,994       21.86       83.32
               Mormons |     49,581       16.68      100.00
-----------------------+-----------------------------------
                 Total |    297,273      100.00

. keep countyfips pct2020 cate

. bysort countyfips cate: gen ord = _n

. keep if ord == 1
(283,117 observations deleted)

. des, s

Contains data from data/resdata_all_religions.dta
  obs:        14,156                          
 vars:             4                          13 Sep 2023 16:31
Sorted by: countyfips  cate
     Note: Dataset has changed since last saved.

. nmissing

pct2020           785

. sum pct2020

    Variable |        Obs        Mean    Std. Dev.       Min        Max
-------------+---------------------------------------------------------
     pct2020 |     13,371    11.30423    14.18505          0     452.45

. drop ord

. label list cate
cate:
           1 Black Protestant
           2 Catholic
           3 Evangelical Protestant
           4 Islam
           5 Mainline Protestant
           6 Mormons

. reshape wide pct2020, i(countyfips) j(cate)
(note: j = 1 2 3 4 5 6)

Data                               long   ->   wide
-----------------------------------------------------------------------------
Number of obs.                    14156   ->    3108
Number of variables                   3   ->       7
j variable (6 values)              cate   ->   (dropped)
xij variables:
                                pct2020   ->   pct20201 pct20202 ... pct20206
-----------------------------------------------------------------------------

. rename pct20201 pct_bp

. rename pct20202 pct_ca

. rename pct20203 pct_ep

. rename pct20204 pct_is

. rename pct20205 pct_mp

. rename pct20206 pct_mo

. sum

    Variable |        Obs        Mean    Std. Dev.       Min        Max
-------------+---------------------------------------------------------
  countyfips |          0
      pct_bp |      1,737    3.501284    4.548215        .01      34.63
      pct_ca |      2,928    12.50505    12.37012        .05      95.79
      pct_ep |      3,088    23.72788    18.13599          0     452.45
      pct_is |        666    1.227027    3.062875        .01      70.47
-------------+---------------------------------------------------------
      pct_mp |      3,080    8.954244    8.257278          0      69.45
      pct_mo |      1,872    3.624135    10.16327         .1     113.39

. 
. tempfile religion

. save `religion'
file C:\Users\SZHOU~1\AppData\Local\Temp\ST_29bc_000001.tmp saved

. 
. ** research data
. use "$data/resdata_for_desc.dta", clear

. des, s

Contains data from data/resdata_for_desc.dta
  obs:        65,267                          
 vars:            19                          12 Jun 2024 13:18
Sorted by: 

. merge m:1 countyfips using `religion', gen(mg)

    Result                           # of obs.
    -----------------------------------------
    not matched                             0
    matched                            65,267  (mg==3)
    -----------------------------------------

. tab mg, mi

                     mg |      Freq.     Percent        Cum.
------------------------+-----------------------------------
            matched (3) |     65,267      100.00      100.00
------------------------+-----------------------------------
                  Total |     65,267      100.00

. 
. ** merge insurance, foreign born, and hospital data
. merge m:1 countyfips year using "$data/county_newvars_fborn_uninsur_edu.dta", 
> gen(mg1)

    Result                           # of obs.
    -----------------------------------------
    not matched                           315
        from master                        80  (mg1==1)
        from using                        235  (mg1==2)

    matched                            65,187  (mg1==3)
    -----------------------------------------

. merge m:1 countyfips year using "$data/county_newvars_hosp.dta", gen(mg2)

    Result                           # of obs.
    -----------------------------------------
    not matched                            29
        from master                         0  (mg2==1)
        from using                         29  (mg2==2)

    matched                            65,502  (mg2==3)
    -----------------------------------------

. tab mg1, mi

                    mg1 |      Freq.     Percent        Cum.
------------------------+-----------------------------------
        master only (1) |         80        0.12        0.12
         using only (2) |        235        0.36        0.48
            matched (3) |     65,187       99.48       99.96
                      . |         29        0.04      100.00
------------------------+-----------------------------------
                  Total |     65,531      100.00

. tab mg2, mi

                    mg2 |      Freq.     Percent        Cum.
------------------------+-----------------------------------
         using only (2) |         29        0.04        0.04
            matched (3) |     65,502       99.96      100.00
------------------------+-----------------------------------
                  Total |     65,531      100.00

. keep if mg1 == 3
(344 observations deleted)

. des, s

Contains data from data/resdata_for_desc.dta
  obs:        65,187                          
 vars:            33                          12 Jun 2024 13:18
Sorted by: 
     Note: Dataset has changed since last saved.

. keep countyfips mr pct_bp pct_ca pct_ep pct_is pct_mp pct_mo trump income1000 
> uninsur fborn coll pcthis pctbla pctwhi pctasi metro region

. order countyfips mr pct_bp pct_ca pct_ep pct_is pct_mp pct_mo trump income1000
>  uninsur fborn coll pcthis pctbla pctwhi pctasi metro region

. sum

    Variable |        Obs        Mean    Std. Dev.       Min        Max
-------------+---------------------------------------------------------
  countyfips |          0
          mr |     65,068    .0972194    .1696179          0   3.928359
      pct_bp |     36,397    3.506793    4.550271        .01      34.63
      pct_ca |     61,407    12.48768    12.36325        .05      95.79
      pct_ep |     64,767    23.74969    18.13393          0     452.45
-------------+---------------------------------------------------------
      pct_is |     13,906    1.229714     3.06854        .01      70.47
      pct_mp |     64,599    8.958641    8.260157          0      69.45
      pct_mo |     39,232    3.630717    10.16999         .1     113.39
       trump |     65,124    65.09118    16.02306   8.730038   96.18182
  income1000 |     65,145    54.83407    14.55999     22.292    147.111
-------------+---------------------------------------------------------
     uninsur |     65,187    9.548715    5.051687          0   45.12262
       fborn |     65,187    4.701868    5.653503          0   54.04992
        coll |     65,187    23.21077    9.985776          0    78.8715
      pcthis |     65,187    9.620126    13.97849          0   98.90211
      pctbla |     65,187    9.105583    14.51269          0   87.79031
-------------+---------------------------------------------------------
      pctwhi |     65,187    82.15693    16.38997   4.755901        100
      pctasi |     65,187    1.326684     2.45879          0   37.66696
       metro |     65,187    .3726203    .4835059          0          1
      region |     65,187    2.980855    1.035528          1          4

. tab region, mi

     region |      Freq.     Percent        Cum.
------------+-----------------------------------
  Northeast |      4,477        6.87        6.87
    Midwest |     22,155       33.99       40.85
       West |      8,694       13.34       54.19
      South |     29,861       45.81      100.00
------------+-----------------------------------
      Total |     65,187      100.00

. outreg2 mr pct_bp pct_ca pct_ep pct_is pct_mp pct_mo trump income1000 uninsur 
> fborn pcthis pctbla pctwhi pctasi metro region ///
>         using "$results/table1.doc", replace label dec(2) sum(log) eqkeep(N me
> an sd min max)

    Variable |        Obs        Mean    Std. Dev.       Min        Max
-------------+---------------------------------------------------------
          mr |     65,068    .0972194    .1696179          0   3.928359
      pct_bp |     36,397    3.506793    4.550271        .01      34.63
      pct_ca |     61,407    12.48768    12.36325        .05      95.79
      pct_ep |     64,767    23.74969    18.13393          0     452.45
      pct_is |     13,906    1.229714     3.06854        .01      70.47
-------------+---------------------------------------------------------
      pct_mp |     64,599    8.958641    8.260157          0      69.45
      pct_mo |     39,232    3.630717    10.16999         .1     113.39
       trump |     65,124    65.09118    16.02306   8.730038   96.18182
  income1000 |     65,145    54.83407    14.55999     22.292    147.111
     uninsur |     65,187    9.548715    5.051687          0   45.12262
-------------+---------------------------------------------------------
       fborn |     65,187    4.701868    5.653503          0   54.04992
        coll |     65,187    23.21077    9.985776          0    78.8715
      pcthis |     65,187    9.620126    13.97849          0   98.90211
      pctbla |     65,187    9.105583    14.51269          0   87.79031
      pctwhi |     65,187    82.15693    16.38997   4.755901        100
-------------+---------------------------------------------------------
      pctasi |     65,187    1.326684     2.45879          0   37.66696
       metro |     65,187    .3726203    .4835059          0          1
      region |     65,187    2.980855    1.035528          1          4

Following variable is string, not included:  
countyfips  
C:\Users\S Zhou\ado\plus/o/outreg2.ado
results/table1.doc
dir : seeout

. 
. ** please note, the max for % of evangelican protestant was originally 452.45
. ** which does not make sense, since this is a percentage measure at the county
>  level
. ** and it was replaced with 100 in table 1
. 
. *==========================================================
. * delete txt file
. *==========================================================
. cd "$results"
F:\OneDrive - southalabama.edu\covid_religion\results

. local txtfiles: dir . files "*.txt"

. foreach txt of local txtfiles {
  2.         erase `txt'
  3. }

. 
. *==========================================================
. * end logging
. *==========================================================
. // clear
. log close _all
      name:  <unnamed>
       log:  F:\OneDrive - southalabama.edu\covid_religion\results/table1.log
  log type:  text
 closed on:  19 Aug 2025, 14:34:21
--------------------------------------------------------------------------------
